// Jest Snapshot v1, https://goo.gl/fbAQLP

exports[`Render App 1`] = `
"<Provider store={{...}}>
  <App>
    <BrowserRouter>
      <Router history={{...}}>
        <Header>
          <div className=\\"header\\" id=\\"header\\">
            <Navbar>
              <styled.nav>
                <nav className=\\"sc-dlfnbm gnAerA\\">
                  <Link to=\\"/order\\">
                    <LinkAnchor href=\\"/order\\" navigate={[Function: navigate]}>
                      <a href=\\"/order\\" onClick={[Function: onClick]}>
                        <div className=\\"logo\\">
                          CLOCKWARE
                        </div>
                      </a>
                    </LinkAnchor>
                  </Link>
                  <Burger>
                    <styled.div open={false} onClick={[Function: onClick]}>
                      <div open={false} onClick={[Function: onClick]} className=\\"sc-gsTCUz bvOIHq\\">
                        <div />
                        <div />
                        <div />
                      </div>
                    </styled.div>
                    <RightNav open={false} onClick={[Function: onClick]}>
                      <styled.ul open={false}>
                        <ul open={false} className=\\"sc-bdfBwQ jmMyGP\\">
                          <li hidden={true}>
                            <Link to=\\"/diagrams\\" onClick={[Function: onClick]}>
                              <LinkAnchor onClick={[Function: onClick]} href=\\"/diagrams\\" navigate={[Function: navigate]}>
                                <a href=\\"/diagrams\\" onClick={[Function: onClick]}>
                                  <div className=\\"links\\">
                                    Statistics
                                  </div>
                                </a>
                              </LinkAnchor>
                            </Link>
                          </li>
                          <li hidden={true}>
                            <Link to=\\"/masters\\" onClick={[Function: onClick]}>
                              <LinkAnchor onClick={[Function: onClick]} href=\\"/masters\\" navigate={[Function: navigate]}>
                                <a href=\\"/masters\\" onClick={[Function: onClick]}>
                                  <div className=\\"links\\">
                                    Masters
                                  </div>
                                </a>
                              </LinkAnchor>
                            </Link>
                          </li>
                          <li hidden={true}>
                            <Link to=\\"/cities\\" onClick={[Function: onClick]}>
                              <LinkAnchor onClick={[Function: onClick]} href=\\"/cities\\" navigate={[Function: navigate]}>
                                <a href=\\"/cities\\" onClick={[Function: onClick]}>
                                  <div className=\\"links\\">
                                    Cities
                                  </div>
                                </a>
                              </LinkAnchor>
                            </Link>
                          </li>
                          <li hidden={true}>
                            <Link to=\\"/orders\\" onClick={[Function: onClick]}>
                              <LinkAnchor onClick={[Function: onClick]} href=\\"/orders\\" navigate={[Function: navigate]}>
                                <a href=\\"/orders\\" onClick={[Function: onClick]}>
                                  <div className=\\"links\\">
                                    Orders
                                  </div>
                                </a>
                              </LinkAnchor>
                            </Link>
                          </li>
                          <li hidden={true}>
                            <Link to=\\"/prices\\" onClick={[Function: onClick]}>
                              <LinkAnchor onClick={[Function: onClick]} href=\\"/prices\\" navigate={[Function: navigate]}>
                                <a href=\\"/prices\\" onClick={[Function: onClick]}>
                                  <div className=\\"links\\">
                                    Prices
                                  </div>
                                </a>
                              </LinkAnchor>
                            </Link>
                          </li>
                          <li>
                            <Link to=\\"/blog\\" onClick={[Function: onClick]}>
                              <LinkAnchor onClick={[Function: onClick]} href=\\"/blog\\" navigate={[Function: navigate]}>
                                <a href=\\"/blog\\" onClick={[Function: onClick]}>
                                  <div className=\\"links\\">
                                    Blog
                                  </div>
                                </a>
                              </LinkAnchor>
                            </Link>
                          </li>
                          <li hidden={true}>
                            <Link to=\\"/blogEditor\\" onClick={[Function: onClick]}>
                              <LinkAnchor onClick={[Function: onClick]} href=\\"/blogEditor\\" navigate={[Function: navigate]}>
                                <a href=\\"/blogEditor\\" onClick={[Function: onClick]}>
                                  <div className=\\"links\\">
                                    Blog editor
                                  </div>
                                </a>
                              </LinkAnchor>
                            </Link>
                          </li>
                          <li>
                            <div className=\\"links\\" onClick={[Function: logIn]}>
                              Log in
                            </div>
                          </li>
                        </ul>
                      </styled.ul>
                    </RightNav>
                  </Burger>
                </nav>
              </styled.nav>
            </Navbar>
          </div>
        </Header>
        <Content>
          <div className=\\"content\\">
            <Switch>
              <Route path=\\"/order\\" exact={true} component={[Function: MakingOrder]} location={{...}} computedMatch={{...}}>
                <MakingOrder history={{...}} location={{...}} match={{...}} staticContext={[undefined]}>
                  <Loader>
                    <div className=\\"isLoading\\">
                      <div className=\\"circle c_1\\" />
                      <div className=\\"circle c_2\\" />
                      <div className=\\"circle c_3\\" />
                    </div>
                  </Loader>
                </MakingOrder>
              </Route>
            </Switch>
          </div>
        </Content>
      </Router>
    </BrowserRouter>
  </App>
</Provider>"
`;
